
Memory Configuration

Name             Origin             Length             Attributes
flash            0x08000000         0x00020000         xr
sram             0x20000000         0x00005000         xrw
*default*        0x00000000         0xffffffff

Linker script and memory map


.text           0x08000000      0x127
 *(.vectors*)
 .vectors       0x08000000       0x1c startup.o
                0x08000000                vectors
 *(.text*)
 .text          0x0800001c       0x78 main.o
                0x0800001c                main
 .text          0x08000094       0x90 startup.o
                0x08000094                NMI_handler
                0x08000094                BUS_fault_handler
                0x08000094                Usage_fault_handler
                0x08000094                MM_fault_handler
                0x08000094                H_fault_handler
                0x08000094                Default_handler
                0x080000a0                reset_handler
 *(.rodata)
 .rodata        0x08000124        0x3 main.o
                0x08000124                const_variables
                0x08000127                _E_text = .

.glue_7         0x08000128        0x0
 .glue_7        0x08000128        0x0 linker stubs

.glue_7t        0x08000128        0x0
 .glue_7t       0x08000128        0x0 linker stubs

.vfp11_veneer   0x08000128        0x0
 .vfp11_veneer  0x08000128        0x0 linker stubs

.v4_bx          0x08000128        0x0
 .v4_bx         0x08000128        0x0 linker stubs

.iplt           0x08000128        0x0
 .iplt          0x08000128        0x0 startup.o

.rel.dyn        0x08000128        0x0
 .rel.iplt      0x08000128        0x0 startup.o

.data           0x20000000        0x4 load address 0x08000127
                0x20000000                _S_data = .
 *(.data)
 .data          0x20000000        0x3 main.o
                0x20000000                g_variables
 .data          0x20000003        0x0 startup.o
                0x20000004                . = ALIGN (0x4)
 *fill*         0x20000003        0x1 
                0x20000004                _E_data = .

.igot.plt       0x20000004        0x0 load address 0x0800012b
 .igot.plt      0x20000004        0x0 startup.o

.bss            0x20000004     0x1004 load address 0x0800012b
                0x20000004                _S_bss = .
 *(.bss)
 .bss           0x20000004        0x3 main.o
                0x20000004                bss_var
 .bss           0x20000007        0x0 startup.o
                0x20000007                _E_bss = .
                0x20000008                . = ALIGN (0x4)
 *fill*         0x20000007        0x1 
                0x20001008                . = (. + 0x1000)
 *fill*         0x20000008     0x1000 
                0x20001008                _stack_top = .
LOAD main.o
LOAD startup.o
OUTPUT(Lab2_cortex_m3.elf elf32-littlearm)
LOAD linker stubs

.debug_info     0x00000000      0x2d6
 .debug_info    0x00000000      0x135 main.o
 .debug_info    0x00000135      0x1a1 startup.o

.debug_abbrev   0x00000000      0x18a
 .debug_abbrev  0x00000000       0xa6 main.o
 .debug_abbrev  0x000000a6       0xe4 startup.o

.debug_loc      0x00000000       0xb4
 .debug_loc     0x00000000       0x38 main.o
 .debug_loc     0x00000038       0x7c startup.o

.debug_aranges  0x00000000       0x40
 .debug_aranges
                0x00000000       0x20 main.o
 .debug_aranges
                0x00000020       0x20 startup.o

.debug_line     0x00000000      0x24b
 .debug_line    0x00000000      0x101 main.o
 .debug_line    0x00000101      0x14a startup.o

.debug_str      0x00000000      0x1ad
 .debug_str     0x00000000      0x12d main.o
                                0x16a (size before relaxing)
 .debug_str     0x0000012d       0x80 startup.o
                                0x1ba (size before relaxing)

.comment        0x00000000       0x49
 .comment       0x00000000       0x49 main.o
                                 0x4a (size before relaxing)
 .comment       0x00000049       0x4a startup.o

.ARM.attributes
                0x00000000       0x2d
 .ARM.attributes
                0x00000000       0x2d main.o
 .ARM.attributes
                0x0000002d       0x2d startup.o

.debug_frame    0x00000000       0x7c
 .debug_frame   0x00000000       0x2c main.o
 .debug_frame   0x0000002c       0x50 startup.o
